package pkg

import (
	"bytes"
	"strings"
)

func fn() {
	strings.IndexByte("", '0')     // want `could use strings.IndexByte instead of strings.Index`
	strings.LastIndexByte("", '0') // want `could use strings.LastIndexByte instead of strings.LastIndex`
	strings.Index("", "0")         // want `could use strings.Index instead of strings.IndexByte`
	strings.LastIndex("", "0")     // want `could use strings.LastIndex instead of strings.LastIndexByte`
	bytes.IndexByte(nil, '0')      // want `could use bytes.IndexByte instead of bytes.Index`
	bytes.LastIndexByte(nil, '0')  // want `could use bytes.LastIndexByte instead of bytes.LastIndex`
	bytes.IndexByte(nil, '0')      // want `could use bytes.IndexByte instead of bytes.Index`

	strings.Index("", "µ")
	strings.Index("", "00")
	strings.LastIndex("", "00")
	bytes.LastIndex(nil, []byte{'0', '0'})
	bytes.Index(nil, []byte("µ"))
}
